I'm sorry, but errors were detected in your script. Please correct the
errors listed below, and try again.


File "game/script.rpy", line 633: Line is indented, but the preceding with statement statement does not expect a block. Please check this line's indentation.
    $ renpy.pause(2.0, hard=True)
    ^

Ren'Py Version: Ren'Py 7.4.9.2142
Tue Nov  9 18:16:16 2021
